// Jest Snapshot v1, https://goo.gl/fbAQLP

exports[`Login form component matches snapshot 1`] = `
<nav
  className="header"
>
  <div
    className="header__username"
  >
    username
  </div>
  <a
    className="header__nav-link"
    href="/"
    onClick={[Function]}
  >
    Home
  </a>
  <div
    className="header__nav-link"
    onClick={[Function]}
  >
    Account
  </div>
  <a
    className="header__nav-link"
    href="/login"
    onClick={[Function]}
  >
    Login
  </a>
</nav>
`;
